// Jest Snapshot v1, https://goo.gl/fbAQLP

exports[`表现正常: pack 1`] = `
Object {
  "__IS_PACKED_STRUCTURED_LIST__": true,
  "keys": Array [
    "id",
    "name",
  ],
  "values": Array [
    Array [
      1,
      "Jay",
    ],
    Array [
      2,
      "Jay2",
    ],
    Array [
      3,
      "Jay3",
    ],
    Array [
      4,
      "Jay4",
    ],
  ],
}
`;

exports[`表现正常: packedStructuredList 1`] = `
Object {
  "__IS_PACKED_STRUCTURED_LIST__": true,
  "keys": Array [
    "id",
    "name",
  ],
  "values": Array [
    Array [
      1,
      "Jay",
    ],
    Array [
      2,
      "Jay2",
    ],
    Array [
      3,
      "Jay3",
    ],
    Array [
      4,
      "Jay4",
    ],
  ],
}
`;
